------------------------------------------------------------
Timing Analyzer Summary
------------------------------------------------------------

Type  : Slow 1200mV 85C Model Setup 'communication:com|TX:C1|TX_FLG'
Slack : -15.362
TNS   : -588.428

Type  : Slow 1200mV 85C Model Setup 'state.0101_14103'
Slack : -15.010
TNS   : -663.980

Type  : Slow 1200mV 85C Model Setup 'internal_state[0]'
Slack : -14.632
TNS   : -761.683

Type  : Slow 1200mV 85C Model Setup 'i[0]'
Slack : -13.870
TNS   : -703.270

Type  : Slow 1200mV 85C Model Setup 'pll1|altpll_component|auto_generated|pll1|clk[0]'
Slack : -12.311
TNS   : -231.553

Type  : Slow 1200mV 85C Model Setup 'k[0]'
Slack : -11.101
TNS   : -598.221

Type  : Slow 1200mV 85C Model Setup 'p[11]'
Slack : -8.466
TNS   : -275.835

Type  : Slow 1200mV 85C Model Hold 'k[0]'
Slack : -2.524
TNS   : -7.989

Type  : Slow 1200mV 85C Model Hold 'p[11]'
Slack : -1.947
TNS   : -8.711

Type  : Slow 1200mV 85C Model Hold 'internal_state[0]'
Slack : 0.221
TNS   : 0.000

Type  : Slow 1200mV 85C Model Hold 'pll1|altpll_component|auto_generated|pll1|clk[0]'
Slack : 0.385
TNS   : 0.000

Type  : Slow 1200mV 85C Model Hold 'communication:com|TX:C1|TX_FLG'
Slack : 0.861
TNS   : 0.000

Type  : Slow 1200mV 85C Model Hold 'state.0101_14103'
Slack : 0.899
TNS   : 0.000

Type  : Slow 1200mV 85C Model Hold 'i[0]'
Slack : 1.534
TNS   : 0.000

Type  : Slow 1200mV 85C Model Minimum Pulse Width 'communication:com|TX:C1|TX_FLG'
Slack : 0.289
TNS   : 0.000

Type  : Slow 1200mV 85C Model Minimum Pulse Width 'k[0]'
Slack : 0.344
TNS   : 0.000

Type  : Slow 1200mV 85C Model Minimum Pulse Width 'internal_state[0]'
Slack : 0.369
TNS   : 0.000

Type  : Slow 1200mV 85C Model Minimum Pulse Width 'state.0101_14103'
Slack : 0.389
TNS   : 0.000

Type  : Slow 1200mV 85C Model Minimum Pulse Width 'p[11]'
Slack : 0.422
TNS   : 0.000

Type  : Slow 1200mV 85C Model Minimum Pulse Width 'i[0]'
Slack : 0.430
TNS   : 0.000

Type  : Slow 1200mV 85C Model Minimum Pulse Width 'pll1|altpll_component|auto_generated|pll1|clk[0]'
Slack : 4.705
TNS   : 0.000

Type  : Slow 1200mV 85C Model Minimum Pulse Width 'clk50'
Slack : 9.819
TNS   : 0.000

Type  : Slow 1200mV 0C Model Setup 'communication:com|TX:C1|TX_FLG'
Slack : -13.880
TNS   : -532.595

Type  : Slow 1200mV 0C Model Setup 'state.0101_14103'
Slack : -13.605
TNS   : -599.681

Type  : Slow 1200mV 0C Model Setup 'internal_state[0]'
Slack : -13.281
TNS   : -692.675

Type  : Slow 1200mV 0C Model Setup 'i[0]'
Slack : -12.453
TNS   : -630.538

Type  : Slow 1200mV 0C Model Setup 'pll1|altpll_component|auto_generated|pll1|clk[0]'
Slack : -10.875
TNS   : -200.686

Type  : Slow 1200mV 0C Model Setup 'k[0]'
Slack : -10.041
TNS   : -537.346

Type  : Slow 1200mV 0C Model Setup 'p[11]'
Slack : -7.607
TNS   : -248.364

Type  : Slow 1200mV 0C Model Hold 'k[0]'
Slack : -2.217
TNS   : -7.675

Type  : Slow 1200mV 0C Model Hold 'p[11]'
Slack : -1.847
TNS   : -10.732

Type  : Slow 1200mV 0C Model Hold 'internal_state[0]'
Slack : 0.266
TNS   : 0.000

Type  : Slow 1200mV 0C Model Hold 'pll1|altpll_component|auto_generated|pll1|clk[0]'
Slack : 0.339
TNS   : 0.000

Type  : Slow 1200mV 0C Model Hold 'communication:com|TX:C1|TX_FLG'
Slack : 0.765
TNS   : 0.000

Type  : Slow 1200mV 0C Model Hold 'state.0101_14103'
Slack : 0.777
TNS   : 0.000

Type  : Slow 1200mV 0C Model Hold 'i[0]'
Slack : 1.365
TNS   : 0.000

Type  : Slow 1200mV 0C Model Minimum Pulse Width 'k[0]'
Slack : 0.130
TNS   : 0.000

Type  : Slow 1200mV 0C Model Minimum Pulse Width 'communication:com|TX:C1|TX_FLG'
Slack : 0.184
TNS   : 0.000

Type  : Slow 1200mV 0C Model Minimum Pulse Width 'internal_state[0]'
Slack : 0.191
TNS   : 0.000

Type  : Slow 1200mV 0C Model Minimum Pulse Width 'p[11]'
Slack : 0.263
TNS   : 0.000

Type  : Slow 1200mV 0C Model Minimum Pulse Width 'state.0101_14103'
Slack : 0.303
TNS   : 0.000

Type  : Slow 1200mV 0C Model Minimum Pulse Width 'i[0]'
Slack : 0.375
TNS   : 0.000

Type  : Slow 1200mV 0C Model Minimum Pulse Width 'pll1|altpll_component|auto_generated|pll1|clk[0]'
Slack : 4.694
TNS   : 0.000

Type  : Slow 1200mV 0C Model Minimum Pulse Width 'clk50'
Slack : 9.799
TNS   : 0.000

Type  : Fast 1200mV 0C Model Setup 'state.0101_14103'
Slack : -7.341
TNS   : -308.111

Type  : Fast 1200mV 0C Model Setup 'communication:com|TX:C1|TX_FLG'
Slack : -7.243
TNS   : -278.532

Type  : Fast 1200mV 0C Model Setup 'internal_state[0]'
Slack : -7.108
TNS   : -363.956

Type  : Fast 1200mV 0C Model Setup 'i[0]'
Slack : -6.661
TNS   : -340.583

Type  : Fast 1200mV 0C Model Setup 'pll1|altpll_component|auto_generated|pll1|clk[0]'
Slack : -5.954
TNS   : -112.460

Type  : Fast 1200mV 0C Model Setup 'k[0]'
Slack : -5.091
TNS   : -251.757

Type  : Fast 1200mV 0C Model Setup 'p[11]'
Slack : -3.864
TNS   : -126.252

Type  : Fast 1200mV 0C Model Hold 'k[0]'
Slack : -1.535
TNS   : -5.578

Type  : Fast 1200mV 0C Model Hold 'p[11]'
Slack : -1.059
TNS   : -3.084

Type  : Fast 1200mV 0C Model Hold 'internal_state[0]'
Slack : -0.169
TNS   : -0.169

Type  : Fast 1200mV 0C Model Hold 'pll1|altpll_component|auto_generated|pll1|clk[0]'
Slack : 0.174
TNS   : 0.000

Type  : Fast 1200mV 0C Model Hold 'communication:com|TX:C1|TX_FLG'
Slack : 0.266
TNS   : 0.000

Type  : Fast 1200mV 0C Model Hold 'state.0101_14103'
Slack : 0.353
TNS   : 0.000

Type  : Fast 1200mV 0C Model Hold 'i[0]'
Slack : 0.694
TNS   : 0.000

Type  : Fast 1200mV 0C Model Minimum Pulse Width 'k[0]'
Slack : 0.188
TNS   : 0.000

Type  : Fast 1200mV 0C Model Minimum Pulse Width 'internal_state[0]'
Slack : 0.205
TNS   : 0.000

Type  : Fast 1200mV 0C Model Minimum Pulse Width 'p[11]'
Slack : 0.267
TNS   : 0.000

Type  : Fast 1200mV 0C Model Minimum Pulse Width 'state.0101_14103'
Slack : 0.282
TNS   : 0.000

Type  : Fast 1200mV 0C Model Minimum Pulse Width 'communication:com|TX:C1|TX_FLG'
Slack : 0.351
TNS   : 0.000

Type  : Fast 1200mV 0C Model Minimum Pulse Width 'i[0]'
Slack : 0.353
TNS   : 0.000

Type  : Fast 1200mV 0C Model Minimum Pulse Width 'pll1|altpll_component|auto_generated|pll1|clk[0]'
Slack : 4.780
TNS   : 0.000

Type  : Fast 1200mV 0C Model Minimum Pulse Width 'clk50'
Slack : 9.400
TNS   : 0.000

------------------------------------------------------------
