------------------------------------------------------------
Timing Analyzer Summary
------------------------------------------------------------

Type  : Slow 1200mV 85C Model Setup 'state.0101_12765'
Slack : -16.705
TNS   : -3144.381

Type  : Slow 1200mV 85C Model Setup 'internal_state[0]'
Slack : -15.651
TNS   : -1473.696

Type  : Slow 1200mV 85C Model Setup 'i[0]'
Slack : -14.242
TNS   : -616.996

Type  : Slow 1200mV 85C Model Setup 'reset_key'
Slack : -14.237
TNS   : -2717.048

Type  : Slow 1200mV 85C Model Setup 'k[0]'
Slack : -12.017
TNS   : -672.220

Type  : Slow 1200mV 85C Model Setup 'pll1|altpll_component|auto_generated|pll1|clk[0]'
Slack : -10.245
TNS   : -3311.541

Type  : Slow 1200mV 85C Model Setup 'p[11]'
Slack : -9.919
TNS   : -331.881

Type  : Slow 1200mV 85C Model Hold 'k[0]'
Slack : -0.597
TNS   : -9.006

Type  : Slow 1200mV 85C Model Hold 'p[11]'
Slack : -0.303
TNS   : -2.793

Type  : Slow 1200mV 85C Model Hold 'pll1|altpll_component|auto_generated|pll1|clk[0]'
Slack : 0.386
TNS   : 0.000

Type  : Slow 1200mV 85C Model Hold 'state.0101_12765'
Slack : 0.584
TNS   : 0.000

Type  : Slow 1200mV 85C Model Hold 'internal_state[0]'
Slack : 0.761
TNS   : 0.000

Type  : Slow 1200mV 85C Model Hold 'reset_key'
Slack : 1.022
TNS   : 0.000

Type  : Slow 1200mV 85C Model Hold 'i[0]'
Slack : 1.674
TNS   : 0.000

Type  : Slow 1200mV 85C Model Recovery 'state.0101_12765'
Slack : -6.307
TNS   : -249.072

Type  : Slow 1200mV 85C Model Recovery 'internal_state[0]'
Slack : -5.635
TNS   : -240.563

Type  : Slow 1200mV 85C Model Recovery 'p[11]'
Slack : -4.247
TNS   : -57.146

Type  : Slow 1200mV 85C Model Recovery 'i[0]'
Slack : -4.057
TNS   : -123.578

Type  : Slow 1200mV 85C Model Recovery 'k[0]'
Slack : -3.631
TNS   : -121.158

Type  : Slow 1200mV 85C Model Removal 'i[0]'
Slack : -1.476
TNS   : -31.127

Type  : Slow 1200mV 85C Model Removal 'k[0]'
Slack : -0.841
TNS   : -28.010

Type  : Slow 1200mV 85C Model Removal 'p[11]'
Slack : -0.015
TNS   : -0.028

Type  : Slow 1200mV 85C Model Removal 'state.0101_12765'
Slack : 0.611
TNS   : 0.000

Type  : Slow 1200mV 85C Model Removal 'internal_state[0]'
Slack : 0.793
TNS   : 0.000

Type  : Slow 1200mV 85C Model Minimum Pulse Width 'reset_key'
Slack : -3.000
TNS   : -3.000

Type  : Slow 1200mV 85C Model Minimum Pulse Width 'internal_state[0]'
Slack : -0.096
TNS   : -1.693

Type  : Slow 1200mV 85C Model Minimum Pulse Width 'state.0101_12765'
Slack : 0.267
TNS   : 0.000

Type  : Slow 1200mV 85C Model Minimum Pulse Width 'k[0]'
Slack : 0.337
TNS   : 0.000

Type  : Slow 1200mV 85C Model Minimum Pulse Width 'i[0]'
Slack : 0.364
TNS   : 0.000

Type  : Slow 1200mV 85C Model Minimum Pulse Width 'p[11]'
Slack : 0.417
TNS   : 0.000

Type  : Slow 1200mV 85C Model Minimum Pulse Width 'pll1|altpll_component|auto_generated|pll1|clk[0]'
Slack : 4.700
TNS   : 0.000

Type  : Slow 1200mV 85C Model Minimum Pulse Width 'clk50'
Slack : 9.819
TNS   : 0.000

Type  : Slow 1200mV 0C Model Setup 'state.0101_12765'
Slack : -14.991
TNS   : -2981.010

Type  : Slow 1200mV 0C Model Setup 'internal_state[0]'
Slack : -14.235
TNS   : -1358.547

Type  : Slow 1200mV 0C Model Setup 'i[0]'
Slack : -12.821
TNS   : -553.600

Type  : Slow 1200mV 0C Model Setup 'reset_key'
Slack : -12.721
TNS   : -2617.414

Type  : Slow 1200mV 0C Model Setup 'k[0]'
Slack : -10.920
TNS   : -605.155

Type  : Slow 1200mV 0C Model Setup 'pll1|altpll_component|auto_generated|pll1|clk[0]'
Slack : -9.152
TNS   : -2943.197

Type  : Slow 1200mV 0C Model Setup 'p[11]'
Slack : -8.922
TNS   : -298.343

Type  : Slow 1200mV 0C Model Hold 'k[0]'
Slack : -0.529
TNS   : -7.751

Type  : Slow 1200mV 0C Model Hold 'p[11]'
Slack : -0.414
TNS   : -4.882

Type  : Slow 1200mV 0C Model Hold 'pll1|altpll_component|auto_generated|pll1|clk[0]'
Slack : 0.339
TNS   : 0.000

Type  : Slow 1200mV 0C Model Hold 'state.0101_12765'
Slack : 0.538
TNS   : 0.000

Type  : Slow 1200mV 0C Model Hold 'internal_state[0]'
Slack : 0.680
TNS   : 0.000

Type  : Slow 1200mV 0C Model Hold 'reset_key'
Slack : 0.939
TNS   : 0.000

Type  : Slow 1200mV 0C Model Hold 'i[0]'
Slack : 1.586
TNS   : 0.000

Type  : Slow 1200mV 0C Model Recovery 'state.0101_12765'
Slack : -5.718
TNS   : -243.256

Type  : Slow 1200mV 0C Model Recovery 'internal_state[0]'
Slack : -5.407
TNS   : -236.092

Type  : Slow 1200mV 0C Model Recovery 'p[11]'
Slack : -4.072
TNS   : -56.810

Type  : Slow 1200mV 0C Model Recovery 'i[0]'
Slack : -3.587
TNS   : -112.787

Type  : Slow 1200mV 0C Model Recovery 'k[0]'
Slack : -3.348
TNS   : -111.470

Type  : Slow 1200mV 0C Model Removal 'i[0]'
Slack : -1.375
TNS   : -29.052

Type  : Slow 1200mV 0C Model Removal 'k[0]'
Slack : -0.629
TNS   : -16.798

Type  : Slow 1200mV 0C Model Removal 'p[11]'
Slack : -0.071
TNS   : -0.309

Type  : Slow 1200mV 0C Model Removal 'state.0101_12765'
Slack : 0.588
TNS   : 0.000

Type  : Slow 1200mV 0C Model Removal 'internal_state[0]'
Slack : 0.756
TNS   : 0.000

Type  : Slow 1200mV 0C Model Minimum Pulse Width 'reset_key'
Slack : -3.000
TNS   : -3.000

Type  : Slow 1200mV 0C Model Minimum Pulse Width 'internal_state[0]'
Slack : -0.041
TNS   : -0.363

Type  : Slow 1200mV 0C Model Minimum Pulse Width 'k[0]'
Slack : 0.241
TNS   : 0.000

Type  : Slow 1200mV 0C Model Minimum Pulse Width 'state.0101_12765'
Slack : 0.306
TNS   : 0.000

Type  : Slow 1200mV 0C Model Minimum Pulse Width 'i[0]'
Slack : 0.361
TNS   : 0.000

Type  : Slow 1200mV 0C Model Minimum Pulse Width 'p[11]'
Slack : 0.370
TNS   : 0.000

Type  : Slow 1200mV 0C Model Minimum Pulse Width 'pll1|altpll_component|auto_generated|pll1|clk[0]'
Slack : 4.689
TNS   : 0.000

Type  : Slow 1200mV 0C Model Minimum Pulse Width 'clk50'
Slack : 9.799
TNS   : 0.000

Type  : Fast 1200mV 0C Model Setup 'state.0101_12765'
Slack : -8.050
TNS   : -1532.256

Type  : Fast 1200mV 0C Model Setup 'internal_state[0]'
Slack : -7.798
TNS   : -713.895

Type  : Fast 1200mV 0C Model Setup 'i[0]'
Slack : -6.999
TNS   : -288.854

Type  : Fast 1200mV 0C Model Setup 'reset_key'
Slack : -6.354
TNS   : -1112.355

Type  : Fast 1200mV 0C Model Setup 'pll1|altpll_component|auto_generated|pll1|clk[0]'
Slack : -5.881
TNS   : -1889.638

Type  : Fast 1200mV 0C Model Setup 'k[0]'
Slack : -5.669
TNS   : -292.285

Type  : Fast 1200mV 0C Model Setup 'p[11]'
Slack : -4.628
TNS   : -154.404

Type  : Fast 1200mV 0C Model Hold 'k[0]'
Slack : -0.357
TNS   : -6.394

Type  : Fast 1200mV 0C Model Hold 'p[11]'
Slack : -0.122
TNS   : -0.929

Type  : Fast 1200mV 0C Model Hold 'state.0101_12765'
Slack : 0.149
TNS   : 0.000

Type  : Fast 1200mV 0C Model Hold 'pll1|altpll_component|auto_generated|pll1|clk[0]'
Slack : 0.173
TNS   : 0.000

Type  : Fast 1200mV 0C Model Hold 'reset_key'
Slack : 0.229
TNS   : 0.000

Type  : Fast 1200mV 0C Model Hold 'internal_state[0]'
Slack : 0.231
TNS   : 0.000

Type  : Fast 1200mV 0C Model Hold 'i[0]'
Slack : 0.594
TNS   : 0.000

Type  : Fast 1200mV 0C Model Recovery 'state.0101_12765'
Slack : -3.730
TNS   : -115.312

Type  : Fast 1200mV 0C Model Recovery 'internal_state[0]'
Slack : -2.953
TNS   : -109.363

Type  : Fast 1200mV 0C Model Recovery 'i[0]'
Slack : -2.614
TNS   : -79.206

Type  : Fast 1200mV 0C Model Recovery 'p[11]'
Slack : -2.393
TNS   : -32.684

Type  : Fast 1200mV 0C Model Recovery 'k[0]'
Slack : -2.318
TNS   : -90.189

Type  : Fast 1200mV 0C Model Removal 'k[0]'
Slack : -0.560
TNS   : -34.231

Type  : Fast 1200mV 0C Model Removal 'i[0]'
Slack : -0.398
TNS   : -7.666

Type  : Fast 1200mV 0C Model Removal 'p[11]'
Slack : 0.351
TNS   : 0.000

Type  : Fast 1200mV 0C Model Removal 'state.0101_12765'
Slack : 0.469
TNS   : 0.000

Type  : Fast 1200mV 0C Model Removal 'internal_state[0]'
Slack : 0.545
TNS   : 0.000

Type  : Fast 1200mV 0C Model Minimum Pulse Width 'reset_key'
Slack : -3.000
TNS   : -429.453

Type  : Fast 1200mV 0C Model Minimum Pulse Width 'k[0]'
Slack : 0.030
TNS   : 0.000

Type  : Fast 1200mV 0C Model Minimum Pulse Width 'state.0101_12765'
Slack : 0.086
TNS   : 0.000

Type  : Fast 1200mV 0C Model Minimum Pulse Width 'internal_state[0]'
Slack : 0.178
TNS   : 0.000

Type  : Fast 1200mV 0C Model Minimum Pulse Width 'p[11]'
Slack : 0.329
TNS   : 0.000

Type  : Fast 1200mV 0C Model Minimum Pulse Width 'i[0]'
Slack : 0.370
TNS   : 0.000

Type  : Fast 1200mV 0C Model Minimum Pulse Width 'pll1|altpll_component|auto_generated|pll1|clk[0]'
Slack : 4.751
TNS   : 0.000

Type  : Fast 1200mV 0C Model Minimum Pulse Width 'clk50'
Slack : 9.400
TNS   : 0.000

------------------------------------------------------------
